// Jest Snapshot v1, https://goo.gl/fbAQLP

exports[`should match snapshot 1`] = `
Object {
  "asFragment": [Function],
  "baseElement": <body>
    <div>
      <section
        class="sc-bdnylx igwDSu"
      >
        <div
          class="sc-gtssRu bFciFR"
        >
          <span
            class="sc-dlnjPT fSbNAx"
          >
            üë®‚Äçüíª
          </span>
          <a
            class="sc-hKFyIo kQbcBB"
            data-wenk="üëà  I work here"
            data-wenk-pos="right"
            href="https://www.linkedin.com/in/vsimonovski/"
          >
            @Hooloovoo
          </a>
        </div>
        <div
          class="sc-gtssRu bFciFR"
        >
          <span
            class="sc-dlnjPT fSbNAx"
          >
            üíª
          </span>
          <a
            class="sc-hKFyIo kQbcBB"
            data-wenk="üëà  Check out my GitHub"
            data-wenk-pos="right"
            href="https://github.com/vsimonovski"
          >
            @vsimonovski
          </a>
        </div>
        <div
          class="sc-gtssRu bFciFR"
        >
          <span
            class="sc-dlnjPT fSbNAx"
          >
            üóíÔ∏è
          </span>
          <a
            class="sc-hKFyIo kQbcBB"
            data-wenk="üëà  Sometimes I like to write about code"
            data-wenk-pos="right"
            href="http://blog.vsimonovski.me/"
          >
            @blog.vsimonovski
          </a>
        </div>
        <div
          class="sc-gtssRu bFciFR"
        >
          <span
            class="sc-dlnjPT fSbNAx"
          >
            üíå
          </span>
          <a
            class="sc-hKFyIo kQbcBB"
            href="mailto:vsimonovski@outlook.com"
          >
            Contact me?
          </a>
        </div>
      </section>
    </div>
  </body>,
  "container": <div>
    <section
      class="sc-bdnylx igwDSu"
    >
      <div
        class="sc-gtssRu bFciFR"
      >
        <span
          class="sc-dlnjPT fSbNAx"
        >
          üë®‚Äçüíª
        </span>
        <a
          class="sc-hKFyIo kQbcBB"
          data-wenk="üëà  I work here"
          data-wenk-pos="right"
          href="https://www.linkedin.com/in/vsimonovski/"
        >
          @Hooloovoo
        </a>
      </div>
      <div
        class="sc-gtssRu bFciFR"
      >
        <span
          class="sc-dlnjPT fSbNAx"
        >
          üíª
        </span>
        <a
          class="sc-hKFyIo kQbcBB"
          data-wenk="üëà  Check out my GitHub"
          data-wenk-pos="right"
          href="https://github.com/vsimonovski"
        >
          @vsimonovski
        </a>
      </div>
      <div
        class="sc-gtssRu bFciFR"
      >
        <span
          class="sc-dlnjPT fSbNAx"
        >
          üóíÔ∏è
        </span>
        <a
          class="sc-hKFyIo kQbcBB"
          data-wenk="üëà  Sometimes I like to write about code"
          data-wenk-pos="right"
          href="http://blog.vsimonovski.me/"
        >
          @blog.vsimonovski
        </a>
      </div>
      <div
        class="sc-gtssRu bFciFR"
      >
        <span
          class="sc-dlnjPT fSbNAx"
        >
          üíå
        </span>
        <a
          class="sc-hKFyIo kQbcBB"
          href="mailto:vsimonovski@outlook.com"
        >
          Contact me?
        </a>
      </div>
    </section>
  </div>,
  "debug": [Function],
  "findAllByAltText": [Function],
  "findAllByDisplayValue": [Function],
  "findAllByLabelText": [Function],
  "findAllByPlaceholderText": [Function],
  "findAllByRole": [Function],
  "findAllByTestId": [Function],
  "findAllByText": [Function],
  "findAllByTitle": [Function],
  "findByAltText": [Function],
  "findByDisplayValue": [Function],
  "findByLabelText": [Function],
  "findByPlaceholderText": [Function],
  "findByRole": [Function],
  "findByTestId": [Function],
  "findByText": [Function],
  "findByTitle": [Function],
  "getAllByAltText": [Function],
  "getAllByDisplayValue": [Function],
  "getAllByLabelText": [Function],
  "getAllByPlaceholderText": [Function],
  "getAllByRole": [Function],
  "getAllByTestId": [Function],
  "getAllByText": [Function],
  "getAllByTitle": [Function],
  "getByAltText": [Function],
  "getByDisplayValue": [Function],
  "getByLabelText": [Function],
  "getByPlaceholderText": [Function],
  "getByRole": [Function],
  "getByTestId": [Function],
  "getByText": [Function],
  "getByTitle": [Function],
  "queryAllByAltText": [Function],
  "queryAllByDisplayValue": [Function],
  "queryAllByLabelText": [Function],
  "queryAllByPlaceholderText": [Function],
  "queryAllByRole": [Function],
  "queryAllByTestId": [Function],
  "queryAllByText": [Function],
  "queryAllByTitle": [Function],
  "queryByAltText": [Function],
  "queryByDisplayValue": [Function],
  "queryByLabelText": [Function],
  "queryByPlaceholderText": [Function],
  "queryByRole": [Function],
  "queryByTestId": [Function],
  "queryByText": [Function],
  "queryByTitle": [Function],
  "rerender": [Function],
  "unmount": [Function],
}
`;
