// Jest Snapshot v1, https://goo.gl/fbAQLP

exports[`should match snapshot 1`] = `
Object {
  "asFragment": [Function],
  "baseElement": <body>
    <div>
      <section>
        <h1
          class="sc-hKFyIo eKOBkk"
        >
          <span
            class="sc-eCApGN jPjvkh"
          />
          Hi, I'm Vladimir
          <span
            class="sc-bdnylx direLq"
          />
        </h1>
        <br />
        <h1
          class="sc-hKFyIo eKOBkk"
        >
          I
          <span
            aria-label="heart"
            class="sc-gtssRu sc-dlnjPT fEqEBU"
            role="img"
          >
            ❤️
          </span>
          Web
          <span
            class="sc-bdnylx direLq"
          />
        </h1>
      </section>
    </div>
  </body>,
  "container": <div>
    <section>
      <h1
        class="sc-hKFyIo eKOBkk"
      >
        <span
          class="sc-eCApGN jPjvkh"
        />
        Hi, I'm Vladimir
        <span
          class="sc-bdnylx direLq"
        />
      </h1>
      <br />
      <h1
        class="sc-hKFyIo eKOBkk"
      >
        I
        <span
          aria-label="heart"
          class="sc-gtssRu sc-dlnjPT fEqEBU"
          role="img"
        >
          ❤️
        </span>
        Web
        <span
          class="sc-bdnylx direLq"
        />
      </h1>
    </section>
  </div>,
  "debug": [Function],
  "findAllByAltText": [Function],
  "findAllByDisplayValue": [Function],
  "findAllByLabelText": [Function],
  "findAllByPlaceholderText": [Function],
  "findAllByRole": [Function],
  "findAllByTestId": [Function],
  "findAllByText": [Function],
  "findAllByTitle": [Function],
  "findByAltText": [Function],
  "findByDisplayValue": [Function],
  "findByLabelText": [Function],
  "findByPlaceholderText": [Function],
  "findByRole": [Function],
  "findByTestId": [Function],
  "findByText": [Function],
  "findByTitle": [Function],
  "getAllByAltText": [Function],
  "getAllByDisplayValue": [Function],
  "getAllByLabelText": [Function],
  "getAllByPlaceholderText": [Function],
  "getAllByRole": [Function],
  "getAllByTestId": [Function],
  "getAllByText": [Function],
  "getAllByTitle": [Function],
  "getByAltText": [Function],
  "getByDisplayValue": [Function],
  "getByLabelText": [Function],
  "getByPlaceholderText": [Function],
  "getByRole": [Function],
  "getByTestId": [Function],
  "getByText": [Function],
  "getByTitle": [Function],
  "queryAllByAltText": [Function],
  "queryAllByDisplayValue": [Function],
  "queryAllByLabelText": [Function],
  "queryAllByPlaceholderText": [Function],
  "queryAllByRole": [Function],
  "queryAllByTestId": [Function],
  "queryAllByText": [Function],
  "queryAllByTitle": [Function],
  "queryByAltText": [Function],
  "queryByDisplayValue": [Function],
  "queryByLabelText": [Function],
  "queryByPlaceholderText": [Function],
  "queryByRole": [Function],
  "queryByTestId": [Function],
  "queryByText": [Function],
  "queryByTitle": [Function],
  "rerender": [Function],
  "unmount": [Function],
}
`;
